main.c:95:5:main	8	static
main.c:150:6:SystemClock_Config	104	static
main.c:192:13:MX_I2C1_Init	8	static
main.c:238:13:MX_SPI1_Init	8	static
main.c:278:13:MX_USART1_UART_Init	8	static
main.c:313:13:MX_GPIO_Init	48	static
main.c:378:6:writeDACNumber	32	static
main.c:396:6:writeDACVoltage	24	static
main.c:411:7:readADCMean	64	static
main.c:428:7:readADC	48	static
main.c:445:6:setRTCTime	24	static
main.c:449:6:setRTCSeconds	40	static
main.c:458:6:setRTCHours	8	static
main.c:462:6:setRTCWeekday	8	static
main.c:466:6:setRTCDate	8	static
main.c:470:6:setRTCMonth	8	static
main.c:474:6:setRTCYear	8	static
main.c:478:9:getRTCSeconds	32	static
main.c:491:6:HAL_GPIO_EXTI_Callback	24	static
main.c:515:6:HAL_UART_RxCpltCallback	24	static
main.c:524:6:HAL_UART_TxCpltCallback	16	static
main.c:528:9:mean	32	static
main.c:536:7:meanf	32	static
main.c:546:23:seperateDecimalValues	32	static
main.c:554:9:mergeDecimalSeperatedValue	16	static
main.c:567:6:Error_Handler	8	static
