main.c:132:5:main	24	static
main.c:189:6:SystemClock_Config	104	static
main.c:231:13:MX_I2C1_Init	8	static
main.c:277:13:MX_SPI1_Init	8	static
main.c:317:13:MX_USART1_UART_Init	8	static
main.c:352:13:MX_GPIO_Init	48	static
main.c:417:6:writeDACNumber	32	static
main.c:435:6:writeDACVoltage	24	static
main.c:450:7:readADCMean	64	static
main.c:467:7:readADC	48	static
main.c:484:6:getRTCTime	32	static
main.c:496:6:setRTCTime	16	static
main.c:505:6:setRTCSeconds	48	static
main.c:512:6:setRTCMinutes	48	static
main.c:519:6:setRTCHours	48	static
main.c:526:6:setRTCWeekday	40	static
main.c:534:6:setRTCDate	40	static
main.c:543:6:setRTCMonth	40	static
main.c:570:6:setRTCYear	48	static
main.c:577:9:getRTCSeconds	40	static
main.c:584:9:getRTCMinutes	40	static
main.c:591:9:getRTCHours	40	static
main.c:598:9:getRTCWeekday	32	static
main.c:605:9:getRTCDate	40	static
main.c:612:9:getRTCMonth	40	static
main.c:619:9:getRTCYear	40	static
main.c:627:9:startRTC	32	static
main.c:639:9:stopRTC	8	static
main.c:645:9:getRTCOscillatorStatus	32	static
main.c:655:6:HAL_GPIO_EXTI_Callback	16	static
main.c:677:6:HAL_UART_RxCpltCallback	24	static
main.c:686:6:HAL_UART_TxCpltCallback	16	static
main.c:690:9:mean	32	static
main.c:698:7:meanf	32	static
main.c:708:23:seperateDecimalValues	32	static
main.c:716:9:mergeDecimalSeperatedValue	16	static
main.c:720:23:extractRegisterValues	24	static
main.c:737:6:Error_Handler	8	static
